<?xml version="1.0" encoding="utf-8"?><testsuites><testsuite name="pytest" errors="0" failures="0" skipped="0" tests="20" time="1.431" timestamp="2024-09-14T15:10:06.866350+00:00" hostname="4b8b3838755d"><testcase classname="tests.test_datamodel" name="test_datamodel" time="0.000" /><testcase classname="tests.test_required_fields" name="test_required_nodes" time="0.000" /><testcase classname="tests.test_required_fields" name="test_required_data_fields" time="0.000" /><testcase classname="tests.test_required_fields" name="test_required_project_fields" time="0.000" /><testcase classname="tests.test_required_fields" name="test_required_program_fields" time="0.000" /><testcase classname="tests.test_required_fields" name="test_required_ubiquitous_fields" time="0.000" /><testcase classname="tests.test_required_fields" name="test_id_matches" time="0.312" /><testcase classname="tests.test_required_fields" name="test_enums_dont_have_type" time="0.000" /><testcase classname="tests.test_required_fields" name="test_arrays_have_items" time="0.000" /><testcase classname="tests.test_required_fields" name="test_file_size_is_integer" time="0.000" /><testcase classname="tests.test_required_links" name="test_require_core_metadata_collections" time="0.000" /><testcase classname="tests.test_required_links" name="test_required_fields_in_links" time="0.000" /><testcase classname="tests.test_required_properties" name="test_required_program_property" time="0.000" /><testcase classname="tests.test_required_properties" name="test_required_project_property" time="0.000" /><testcase classname="tests.test_required_properties" name="test_required_ubiquitous_properties" time="0.000" /><testcase classname="tests.test_required_properties" name="test_required_internal_properties" time="0.000" /><testcase classname="tests.test_schema_rules" name="test_no_mixed_type_in_enum" time="0.000" /><testcase classname="tests.test_schema_rules" name="test_lowercase_ids" time="0.000" /><testcase classname="tests.test_schema_rules" name="test_nodeid_length" time="0.000" /><testcase classname="tests.test_simulate_data" name="test" time="0.001" /></testsuite></testsuites>